// Jest Snapshot v1, https://goo.gl/fbAQLP

exports[`Options columns when given as object should be normalized 1`] = `
[
  {
    "alignment": "left",
    "allowReordering": true,
    "calculateCellValue": [Function],
    "calculateDisplayValue": [Function],
    "caption": "A",
    "dataField": "a",
    "dataType": "string",
    "falseText": "false",
    "name": "a",
    "trueText": "true",
    "visible": true,
    "visibleIndex": 0,
  },
  {
    "alignment": "left",
    "allowReordering": true,
    "calculateCellValue": [Function],
    "calculateDisplayValue": [Function],
    "caption": "B",
    "dataField": "b",
    "dataType": "string",
    "falseText": "false",
    "name": "b",
    "trueText": "true",
    "visible": true,
    "visibleIndex": 1,
  },
  {
    "alignment": "left",
    "allowReordering": true,
    "calculateCellValue": [Function],
    "calculateDisplayValue": [Function],
    "caption": "C",
    "dataField": "c",
    "dataType": "string",
    "falseText": "false",
    "name": "c",
    "trueText": "true",
    "visible": true,
    "visibleIndex": 2,
  },
]
`;

exports[`Options columns when given as string should be normalized 1`] = `
[
  {
    "alignment": "left",
    "allowReordering": true,
    "calculateCellValue": [Function],
    "calculateDisplayValue": [Function],
    "caption": "A",
    "dataField": "a",
    "dataType": "string",
    "falseText": "false",
    "name": "a",
    "trueText": "true",
    "visible": true,
    "visibleIndex": 0,
  },
  {
    "alignment": "left",
    "allowReordering": true,
    "calculateCellValue": [Function],
    "calculateDisplayValue": [Function],
    "caption": "B",
    "dataField": "b",
    "dataType": "string",
    "falseText": "false",
    "name": "b",
    "trueText": "true",
    "visible": true,
    "visibleIndex": 1,
  },
  {
    "alignment": "left",
    "allowReordering": true,
    "calculateCellValue": [Function],
    "calculateDisplayValue": [Function],
    "caption": "C",
    "dataField": "c",
    "dataType": "string",
    "falseText": "false",
    "name": "c",
    "trueText": "true",
    "visible": true,
    "visibleIndex": 2,
  },
]
`;
