// Jest Snapshot v1, https://goo.gl/fbAQLP

exports[`common initial render should be successfull 1`] = `
<div
  class="dx-widget dx-cardview"
>
  
  This is cardView
</div>
`;
